Archive member included to satisfy reference by file (symbol)

c:/users/user/appdata/roaming/xpacks/@xpack-dev-tools/arm-none-eabi-gcc/11.2.1-1.1.1/.content/bin/../lib/gcc/arm-none-eabi/11.2.1/../../../../arm-none-eabi/lib/thumb/v7e-m/nofp\libc_nano.a(lib_a-atexit.o)
                              c:/users/user/appdata/roaming/xpacks/@xpack-dev-tools/arm-none-eabi-gcc/11.2.1-1.1.1/.content/bin/../lib/gcc/arm-none-eabi/11.2.1/../../../../arm-none-eabi/lib/thumb/v7e-m/nofp/crt0.o (atexit)
c:/users/user/appdata/roaming/xpacks/@xpack-dev-tools/arm-none-eabi-gcc/11.2.1-1.1.1/.content/bin/../lib/gcc/arm-none-eabi/11.2.1/../../../../arm-none-eabi/lib/thumb/v7e-m/nofp\libc_nano.a(lib_a-exit.o)
                              c:/users/user/appdata/roaming/xpacks/@xpack-dev-tools/arm-none-eabi-gcc/11.2.1-1.1.1/.content/bin/../lib/gcc/arm-none-eabi/11.2.1/../../../../arm-none-eabi/lib/thumb/v7e-m/nofp/crt0.o (exit)
c:/users/user/appdata/roaming/xpacks/@xpack-dev-tools/arm-none-eabi-gcc/11.2.1-1.1.1/.content/bin/../lib/gcc/arm-none-eabi/11.2.1/../../../../arm-none-eabi/lib/thumb/v7e-m/nofp\libc_nano.a(lib_a-fini.o)
                              c:/users/user/appdata/roaming/xpacks/@xpack-dev-tools/arm-none-eabi-gcc/11.2.1-1.1.1/.content/bin/../lib/gcc/arm-none-eabi/11.2.1/../../../../arm-none-eabi/lib/thumb/v7e-m/nofp/crt0.o (__libc_fini_array)
c:/users/user/appdata/roaming/xpacks/@xpack-dev-tools/arm-none-eabi-gcc/11.2.1-1.1.1/.content/bin/../lib/gcc/arm-none-eabi/11.2.1/../../../../arm-none-eabi/lib/thumb/v7e-m/nofp\libc_nano.a(lib_a-impure.o)
                              c:/users/user/appdata/roaming/xpacks/@xpack-dev-tools/arm-none-eabi-gcc/11.2.1-1.1.1/.content/bin/../lib/gcc/arm-none-eabi/11.2.1/../../../../arm-none-eabi/lib/thumb/v7e-m/nofp\libc_nano.a(lib_a-exit.o) (_global_impure_ptr)
c:/users/user/appdata/roaming/xpacks/@xpack-dev-tools/arm-none-eabi-gcc/11.2.1-1.1.1/.content/bin/../lib/gcc/arm-none-eabi/11.2.1/../../../../arm-none-eabi/lib/thumb/v7e-m/nofp\libc_nano.a(lib_a-init.o)
                              c:/users/user/appdata/roaming/xpacks/@xpack-dev-tools/arm-none-eabi-gcc/11.2.1-1.1.1/.content/bin/../lib/gcc/arm-none-eabi/11.2.1/../../../../arm-none-eabi/lib/thumb/v7e-m/nofp/crt0.o (__libc_init_array)
c:/users/user/appdata/roaming/xpacks/@xpack-dev-tools/arm-none-eabi-gcc/11.2.1-1.1.1/.content/bin/../lib/gcc/arm-none-eabi/11.2.1/../../../../arm-none-eabi/lib/thumb/v7e-m/nofp\libc_nano.a(lib_a-memset.o)
                              c:/users/user/appdata/roaming/xpacks/@xpack-dev-tools/arm-none-eabi-gcc/11.2.1-1.1.1/.content/bin/../lib/gcc/arm-none-eabi/11.2.1/../../../../arm-none-eabi/lib/thumb/v7e-m/nofp/crt0.o (memset)
c:/users/user/appdata/roaming/xpacks/@xpack-dev-tools/arm-none-eabi-gcc/11.2.1-1.1.1/.content/bin/../lib/gcc/arm-none-eabi/11.2.1/../../../../arm-none-eabi/lib/thumb/v7e-m/nofp\libc_nano.a(lib_a-__atexit.o)
                              c:/users/user/appdata/roaming/xpacks/@xpack-dev-tools/arm-none-eabi-gcc/11.2.1-1.1.1/.content/bin/../lib/gcc/arm-none-eabi/11.2.1/../../../../arm-none-eabi/lib/thumb/v7e-m/nofp\libc_nano.a(lib_a-atexit.o) (__register_exitproc)
c:/users/user/appdata/roaming/xpacks/@xpack-dev-tools/arm-none-eabi-gcc/11.2.1-1.1.1/.content/bin/../lib/gcc/arm-none-eabi/11.2.1/../../../../arm-none-eabi/lib/thumb/v7e-m/nofp\libc_nano.a(lib_a-__call_atexit.o)
                              c:/users/user/appdata/roaming/xpacks/@xpack-dev-tools/arm-none-eabi-gcc/11.2.1-1.1.1/.content/bin/../lib/gcc/arm-none-eabi/11.2.1/../../../../arm-none-eabi/lib/thumb/v7e-m/nofp\libc_nano.a(lib_a-__atexit.o) (__call_exitprocs)
c:/users/user/appdata/roaming/xpacks/@xpack-dev-tools/arm-none-eabi-gcc/11.2.1-1.1.1/.content/bin/../lib/gcc/arm-none-eabi/11.2.1/../../../../arm-none-eabi/lib/thumb/v7e-m/nofp\libnosys.a(_exit.o)
                              c:/users/user/appdata/roaming/xpacks/@xpack-dev-tools/arm-none-eabi-gcc/11.2.1-1.1.1/.content/bin/../lib/gcc/arm-none-eabi/11.2.1/../../../../arm-none-eabi/lib/thumb/v7e-m/nofp\libc_nano.a(lib_a-exit.o) (_exit)

Discarded input sections

 .text          0x0000000000000000        0x0 c:/users/user/appdata/roaming/xpacks/@xpack-dev-tools/arm-none-eabi-gcc/11.2.1-1.1.1/.content/bin/../lib/gcc/arm-none-eabi/11.2.1/thumb/v7e-m/nofp/crti.o
 .bss           0x0000000000000000        0x0 c:/users/user/appdata/roaming/xpacks/@xpack-dev-tools/arm-none-eabi-gcc/11.2.1-1.1.1/.content/bin/../lib/gcc/arm-none-eabi/11.2.1/thumb/v7e-m/nofp/crti.o
 .text          0x0000000000000000        0x0 c:/users/user/appdata/roaming/xpacks/@xpack-dev-tools/arm-none-eabi-gcc/11.2.1-1.1.1/.content/bin/../lib/gcc/arm-none-eabi/11.2.1/thumb/v7e-m/nofp/crtbegin.o
 .bss           0x0000000000000000        0x0 c:/users/user/appdata/roaming/xpacks/@xpack-dev-tools/arm-none-eabi-gcc/11.2.1-1.1.1/.content/bin/../lib/gcc/arm-none-eabi/11.2.1/thumb/v7e-m/nofp/crtbegin.o
 .rodata.all_implied_fbits
                0x0000000000000000       0x24 c:/users/user/appdata/roaming/xpacks/@xpack-dev-tools/arm-none-eabi-gcc/11.2.1-1.1.1/.content/bin/../lib/gcc/arm-none-eabi/11.2.1/thumb/v7e-m/nofp/crtbegin.o
 .init_array    0x0000000000000000        0x4 c:/users/user/appdata/roaming/xpacks/@xpack-dev-tools/arm-none-eabi-gcc/11.2.1-1.1.1/.content/bin/../lib/gcc/arm-none-eabi/11.2.1/thumb/v7e-m/nofp/crtbegin.o
 .fini_array    0x0000000000000000        0x4 c:/users/user/appdata/roaming/xpacks/@xpack-dev-tools/arm-none-eabi-gcc/11.2.1-1.1.1/.content/bin/../lib/gcc/arm-none-eabi/11.2.1/thumb/v7e-m/nofp/crtbegin.o
 .eh_frame      0x0000000000000000        0x0 c:/users/user/appdata/roaming/xpacks/@xpack-dev-tools/arm-none-eabi-gcc/11.2.1-1.1.1/.content/bin/../lib/gcc/arm-none-eabi/11.2.1/thumb/v7e-m/nofp/crtbegin.o
 .tm_clone_table
                0x0000000000000000        0x0 c:/users/user/appdata/roaming/xpacks/@xpack-dev-tools/arm-none-eabi-gcc/11.2.1-1.1.1/.content/bin/../lib/gcc/arm-none-eabi/11.2.1/thumb/v7e-m/nofp/crtbegin.o
 .text.deregister_tm_clones
                0x0000000000000000       0x1c c:/users/user/appdata/roaming/xpacks/@xpack-dev-tools/arm-none-eabi-gcc/11.2.1-1.1.1/.content/bin/../lib/gcc/arm-none-eabi/11.2.1/thumb/v7e-m/nofp/crtbegin.o
 .text.register_tm_clones
                0x0000000000000000       0x24 c:/users/user/appdata/roaming/xpacks/@xpack-dev-tools/arm-none-eabi-gcc/11.2.1-1.1.1/.content/bin/../lib/gcc/arm-none-eabi/11.2.1/thumb/v7e-m/nofp/crtbegin.o
 .text.__do_global_dtors_aux
                0x0000000000000000       0x28 c:/users/user/appdata/roaming/xpacks/@xpack-dev-tools/arm-none-eabi-gcc/11.2.1-1.1.1/.content/bin/../lib/gcc/arm-none-eabi/11.2.1/thumb/v7e-m/nofp/crtbegin.o
 .text.frame_dummy
                0x0000000000000000       0x24 c:/users/user/appdata/roaming/xpacks/@xpack-dev-tools/arm-none-eabi-gcc/11.2.1-1.1.1/.content/bin/../lib/gcc/arm-none-eabi/11.2.1/thumb/v7e-m/nofp/crtbegin.o
 .bss.completed.1
                0x0000000000000000        0x1 c:/users/user/appdata/roaming/xpacks/@xpack-dev-tools/arm-none-eabi-gcc/11.2.1-1.1.1/.content/bin/../lib/gcc/arm-none-eabi/11.2.1/thumb/v7e-m/nofp/crtbegin.o
 .bss.object.0  0x0000000000000000       0x18 c:/users/user/appdata/roaming/xpacks/@xpack-dev-tools/arm-none-eabi-gcc/11.2.1-1.1.1/.content/bin/../lib/gcc/arm-none-eabi/11.2.1/thumb/v7e-m/nofp/crtbegin.o
 .text          0x0000000000000000       0x70 c:/users/user/appdata/roaming/xpacks/@xpack-dev-tools/arm-none-eabi-gcc/11.2.1-1.1.1/.content/bin/../lib/gcc/arm-none-eabi/11.2.1/../../../../arm-none-eabi/lib/thumb/v7e-m/nofp/crt0.o
 .bss           0x0000000000000000        0x0 c:/users/user/appdata/roaming/xpacks/@xpack-dev-tools/arm-none-eabi-gcc/11.2.1-1.1.1/.content/bin/../lib/gcc/arm-none-eabi/11.2.1/../../../../arm-none-eabi/lib/thumb/v7e-m/nofp/crt0.o
 .ARM.extab     0x0000000000000000        0x0 c:/users/user/appdata/roaming/xpacks/@xpack-dev-tools/arm-none-eabi-gcc/11.2.1-1.1.1/.content/bin/../lib/gcc/arm-none-eabi/11.2.1/../../../../arm-none-eabi/lib/thumb/v7e-m/nofp/crt0.o
 .ARM.exidx     0x0000000000000000       0x10 c:/users/user/appdata/roaming/xpacks/@xpack-dev-tools/arm-none-eabi-gcc/11.2.1-1.1.1/.content/bin/../lib/gcc/arm-none-eabi/11.2.1/../../../../arm-none-eabi/lib/thumb/v7e-m/nofp/crt0.o
 .bss           0x0000000000000000        0x0 build/startup.o
 .text          0x0000000000000000        0x0 build/definitions.o
 .bss           0x0000000000000000        0x0 build/definitions.o
 .bss           0x0000000000000000        0x0 build/game.o
 .text          0x0000000000000000        0x0 c:/users/user/appdata/roaming/xpacks/@xpack-dev-tools/arm-none-eabi-gcc/11.2.1-1.1.1/.content/bin/../lib/gcc/arm-none-eabi/11.2.1/../../../../arm-none-eabi/lib/thumb/v7e-m/nofp\libc_nano.a(lib_a-atexit.o)
 .bss           0x0000000000000000        0x0 c:/users/user/appdata/roaming/xpacks/@xpack-dev-tools/arm-none-eabi-gcc/11.2.1-1.1.1/.content/bin/../lib/gcc/arm-none-eabi/11.2.1/../../../../arm-none-eabi/lib/thumb/v7e-m/nofp\libc_nano.a(lib_a-atexit.o)
 .text.atexit   0x0000000000000000        0xc c:/users/user/appdata/roaming/xpacks/@xpack-dev-tools/arm-none-eabi-gcc/11.2.1-1.1.1/.content/bin/../lib/gcc/arm-none-eabi/11.2.1/../../../../arm-none-eabi/lib/thumb/v7e-m/nofp\libc_nano.a(lib_a-atexit.o)
 .text          0x0000000000000000        0x0 c:/users/user/appdata/roaming/xpacks/@xpack-dev-tools/arm-none-eabi-gcc/11.2.1-1.1.1/.content/bin/../lib/gcc/arm-none-eabi/11.2.1/../../../../arm-none-eabi/lib/thumb/v7e-m/nofp\libc_nano.a(lib_a-exit.o)
 .bss           0x0000000000000000        0x0 c:/users/user/appdata/roaming/xpacks/@xpack-dev-tools/arm-none-eabi-gcc/11.2.1-1.1.1/.content/bin/../lib/gcc/arm-none-eabi/11.2.1/../../../../arm-none-eabi/lib/thumb/v7e-m/nofp\libc_nano.a(lib_a-exit.o)
 .text.exit     0x0000000000000000       0x28 c:/users/user/appdata/roaming/xpacks/@xpack-dev-tools/arm-none-eabi-gcc/11.2.1-1.1.1/.content/bin/../lib/gcc/arm-none-eabi/11.2.1/../../../../arm-none-eabi/lib/thumb/v7e-m/nofp\libc_nano.a(lib_a-exit.o)
 .text          0x0000000000000000        0x0 c:/users/user/appdata/roaming/xpacks/@xpack-dev-tools/arm-none-eabi-gcc/11.2.1-1.1.1/.content/bin/../lib/gcc/arm-none-eabi/11.2.1/../../../../arm-none-eabi/lib/thumb/v7e-m/nofp\libc_nano.a(lib_a-fini.o)
 .bss           0x0000000000000000        0x0 c:/users/user/appdata/roaming/xpacks/@xpack-dev-tools/arm-none-eabi-gcc/11.2.1-1.1.1/.content/bin/../lib/gcc/arm-none-eabi/11.2.1/../../../../arm-none-eabi/lib/thumb/v7e-m/nofp\libc_nano.a(lib_a-fini.o)
 .text.__libc_fini_array
                0x0000000000000000       0x28 c:/users/user/appdata/roaming/xpacks/@xpack-dev-tools/arm-none-eabi-gcc/11.2.1-1.1.1/.content/bin/../lib/gcc/arm-none-eabi/11.2.1/../../../../arm-none-eabi/lib/thumb/v7e-m/nofp\libc_nano.a(lib_a-fini.o)
 .text          0x0000000000000000        0x0 c:/users/user/appdata/roaming/xpacks/@xpack-dev-tools/arm-none-eabi-gcc/11.2.1-1.1.1/.content/bin/../lib/gcc/arm-none-eabi/11.2.1/../../../../arm-none-eabi/lib/thumb/v7e-m/nofp\libc_nano.a(lib_a-impure.o)
 .bss           0x0000000000000000        0x0 c:/users/user/appdata/roaming/xpacks/@xpack-dev-tools/arm-none-eabi-gcc/11.2.1-1.1.1/.content/bin/../lib/gcc/arm-none-eabi/11.2.1/../../../../arm-none-eabi/lib/thumb/v7e-m/nofp\libc_nano.a(lib_a-impure.o)
 .rodata._global_impure_ptr
                0x0000000000000000        0x4 c:/users/user/appdata/roaming/xpacks/@xpack-dev-tools/arm-none-eabi-gcc/11.2.1-1.1.1/.content/bin/../lib/gcc/arm-none-eabi/11.2.1/../../../../arm-none-eabi/lib/thumb/v7e-m/nofp\libc_nano.a(lib_a-impure.o)
 .text          0x0000000000000000        0x0 c:/users/user/appdata/roaming/xpacks/@xpack-dev-tools/arm-none-eabi-gcc/11.2.1-1.1.1/.content/bin/../lib/gcc/arm-none-eabi/11.2.1/../../../../arm-none-eabi/lib/thumb/v7e-m/nofp\libc_nano.a(lib_a-init.o)
 .bss           0x0000000000000000        0x0 c:/users/user/appdata/roaming/xpacks/@xpack-dev-tools/arm-none-eabi-gcc/11.2.1-1.1.1/.content/bin/../lib/gcc/arm-none-eabi/11.2.1/../../../../arm-none-eabi/lib/thumb/v7e-m/nofp\libc_nano.a(lib_a-init.o)
 .text.__libc_init_array
                0x0000000000000000       0x48 c:/users/user/appdata/roaming/xpacks/@xpack-dev-tools/arm-none-eabi-gcc/11.2.1-1.1.1/.content/bin/../lib/gcc/arm-none-eabi/11.2.1/../../../../arm-none-eabi/lib/thumb/v7e-m/nofp\libc_nano.a(lib_a-init.o)
 .text          0x0000000000000000        0x0 c:/users/user/appdata/roaming/xpacks/@xpack-dev-tools/arm-none-eabi-gcc/11.2.1-1.1.1/.content/bin/../lib/gcc/arm-none-eabi/11.2.1/../../../../arm-none-eabi/lib/thumb/v7e-m/nofp\libc_nano.a(lib_a-memset.o)
 .bss           0x0000000000000000        0x0 c:/users/user/appdata/roaming/xpacks/@xpack-dev-tools/arm-none-eabi-gcc/11.2.1-1.1.1/.content/bin/../lib/gcc/arm-none-eabi/11.2.1/../../../../arm-none-eabi/lib/thumb/v7e-m/nofp\libc_nano.a(lib_a-memset.o)
 .text.memset   0x0000000000000000       0x10 c:/users/user/appdata/roaming/xpacks/@xpack-dev-tools/arm-none-eabi-gcc/11.2.1-1.1.1/.content/bin/../lib/gcc/arm-none-eabi/11.2.1/../../../../arm-none-eabi/lib/thumb/v7e-m/nofp\libc_nano.a(lib_a-memset.o)
 .text          0x0000000000000000        0x0 c:/users/user/appdata/roaming/xpacks/@xpack-dev-tools/arm-none-eabi-gcc/11.2.1-1.1.1/.content/bin/../lib/gcc/arm-none-eabi/11.2.1/../../../../arm-none-eabi/lib/thumb/v7e-m/nofp\libc_nano.a(lib_a-__atexit.o)
 .bss           0x0000000000000000        0x0 c:/users/user/appdata/roaming/xpacks/@xpack-dev-tools/arm-none-eabi-gcc/11.2.1-1.1.1/.content/bin/../lib/gcc/arm-none-eabi/11.2.1/../../../../arm-none-eabi/lib/thumb/v7e-m/nofp\libc_nano.a(lib_a-__atexit.o)
 .text.__register_exitproc
                0x0000000000000000       0x9c c:/users/user/appdata/roaming/xpacks/@xpack-dev-tools/arm-none-eabi-gcc/11.2.1-1.1.1/.content/bin/../lib/gcc/arm-none-eabi/11.2.1/../../../../arm-none-eabi/lib/thumb/v7e-m/nofp\libc_nano.a(lib_a-__atexit.o)
 .bss._global_atexit0
                0x0000000000000000       0x8c c:/users/user/appdata/roaming/xpacks/@xpack-dev-tools/arm-none-eabi-gcc/11.2.1-1.1.1/.content/bin/../lib/gcc/arm-none-eabi/11.2.1/../../../../arm-none-eabi/lib/thumb/v7e-m/nofp\libc_nano.a(lib_a-__atexit.o)
 .text          0x0000000000000000        0x0 c:/users/user/appdata/roaming/xpacks/@xpack-dev-tools/arm-none-eabi-gcc/11.2.1-1.1.1/.content/bin/../lib/gcc/arm-none-eabi/11.2.1/../../../../arm-none-eabi/lib/thumb/v7e-m/nofp\libc_nano.a(lib_a-__call_atexit.o)
 .bss           0x0000000000000000        0x0 c:/users/user/appdata/roaming/xpacks/@xpack-dev-tools/arm-none-eabi-gcc/11.2.1-1.1.1/.content/bin/../lib/gcc/arm-none-eabi/11.2.1/../../../../arm-none-eabi/lib/thumb/v7e-m/nofp\libc_nano.a(lib_a-__call_atexit.o)
 .text          0x0000000000000000        0x0 c:/users/user/appdata/roaming/xpacks/@xpack-dev-tools/arm-none-eabi-gcc/11.2.1-1.1.1/.content/bin/../lib/gcc/arm-none-eabi/11.2.1/../../../../arm-none-eabi/lib/thumb/v7e-m/nofp\libnosys.a(_exit.o)
 .bss           0x0000000000000000        0x0 c:/users/user/appdata/roaming/xpacks/@xpack-dev-tools/arm-none-eabi-gcc/11.2.1-1.1.1/.content/bin/../lib/gcc/arm-none-eabi/11.2.1/../../../../arm-none-eabi/lib/thumb/v7e-m/nofp\libnosys.a(_exit.o)
 .text._exit    0x0000000000000000        0x4 c:/users/user/appdata/roaming/xpacks/@xpack-dev-tools/arm-none-eabi-gcc/11.2.1-1.1.1/.content/bin/../lib/gcc/arm-none-eabi/11.2.1/../../../../arm-none-eabi/lib/thumb/v7e-m/nofp\libnosys.a(_exit.o)
 .ARM.extab.text._exit
                0x0000000000000000        0x0 c:/users/user/appdata/roaming/xpacks/@xpack-dev-tools/arm-none-eabi-gcc/11.2.1-1.1.1/.content/bin/../lib/gcc/arm-none-eabi/11.2.1/../../../../arm-none-eabi/lib/thumb/v7e-m/nofp\libnosys.a(_exit.o)
 .ARM.exidx.text._exit
                0x0000000000000000        0x8 c:/users/user/appdata/roaming/xpacks/@xpack-dev-tools/arm-none-eabi-gcc/11.2.1-1.1.1/.content/bin/../lib/gcc/arm-none-eabi/11.2.1/../../../../arm-none-eabi/lib/thumb/v7e-m/nofp\libnosys.a(_exit.o)
 .text          0x0000000000000000        0x0 c:/users/user/appdata/roaming/xpacks/@xpack-dev-tools/arm-none-eabi-gcc/11.2.1-1.1.1/.content/bin/../lib/gcc/arm-none-eabi/11.2.1/thumb/v7e-m/nofp/crtend.o
 .bss           0x0000000000000000        0x0 c:/users/user/appdata/roaming/xpacks/@xpack-dev-tools/arm-none-eabi-gcc/11.2.1-1.1.1/.content/bin/../lib/gcc/arm-none-eabi/11.2.1/thumb/v7e-m/nofp/crtend.o
 .rodata.all_implied_fbits
                0x0000000000000000       0x24 c:/users/user/appdata/roaming/xpacks/@xpack-dev-tools/arm-none-eabi-gcc/11.2.1-1.1.1/.content/bin/../lib/gcc/arm-none-eabi/11.2.1/thumb/v7e-m/nofp/crtend.o
 .eh_frame      0x0000000000000000        0x4 c:/users/user/appdata/roaming/xpacks/@xpack-dev-tools/arm-none-eabi-gcc/11.2.1-1.1.1/.content/bin/../lib/gcc/arm-none-eabi/11.2.1/thumb/v7e-m/nofp/crtend.o
 .tm_clone_table
                0x0000000000000000        0x0 c:/users/user/appdata/roaming/xpacks/@xpack-dev-tools/arm-none-eabi-gcc/11.2.1-1.1.1/.content/bin/../lib/gcc/arm-none-eabi/11.2.1/thumb/v7e-m/nofp/crtend.o
 .text          0x0000000000000000        0x0 c:/users/user/appdata/roaming/xpacks/@xpack-dev-tools/arm-none-eabi-gcc/11.2.1-1.1.1/.content/bin/../lib/gcc/arm-none-eabi/11.2.1/thumb/v7e-m/nofp/crtn.o
 .bss           0x0000000000000000        0x0 c:/users/user/appdata/roaming/xpacks/@xpack-dev-tools/arm-none-eabi-gcc/11.2.1-1.1.1/.content/bin/../lib/gcc/arm-none-eabi/11.2.1/thumb/v7e-m/nofp/crtn.o
 .init          0x0000000000000000        0x8 c:/users/user/appdata/roaming/xpacks/@xpack-dev-tools/arm-none-eabi-gcc/11.2.1-1.1.1/.content/bin/../lib/gcc/arm-none-eabi/11.2.1/thumb/v7e-m/nofp/crtn.o
 .fini          0x0000000000000000        0x8 c:/users/user/appdata/roaming/xpacks/@xpack-dev-tools/arm-none-eabi-gcc/11.2.1-1.1.1/.content/bin/../lib/gcc/arm-none-eabi/11.2.1/thumb/v7e-m/nofp/crtn.o

Memory Configuration

Name             Origin             Length             Attributes
RAM              0x0000000020000000 0x000000000000a000 xrw
FLASH            0x0000000008000000 0x0000000000040000 xr
*default*        0x0000000000000000 0xffffffffffffffff

Linker script and memory map

LOAD c:/users/user/appdata/roaming/xpacks/@xpack-dev-tools/arm-none-eabi-gcc/11.2.1-1.1.1/.content/bin/../lib/gcc/arm-none-eabi/11.2.1/thumb/v7e-m/nofp/crti.o
LOAD c:/users/user/appdata/roaming/xpacks/@xpack-dev-tools/arm-none-eabi-gcc/11.2.1-1.1.1/.content/bin/../lib/gcc/arm-none-eabi/11.2.1/thumb/v7e-m/nofp/crtbegin.o
LOAD c:/users/user/appdata/roaming/xpacks/@xpack-dev-tools/arm-none-eabi-gcc/11.2.1-1.1.1/.content/bin/../lib/gcc/arm-none-eabi/11.2.1/../../../../arm-none-eabi/lib/thumb/v7e-m/nofp/crt0.o
LOAD build/startup.o
LOAD build/definitions.o
LOAD build/game.o
LOAD c:/users/user/appdata/roaming/xpacks/@xpack-dev-tools/arm-none-eabi-gcc/11.2.1-1.1.1/.content/bin/../lib/gcc/arm-none-eabi/11.2.1/../../../../arm-none-eabi/lib/thumb/v7e-m/nofp\libc_nano.a
LOAD c:/users/user/appdata/roaming/xpacks/@xpack-dev-tools/arm-none-eabi-gcc/11.2.1-1.1.1/.content/bin/../lib/gcc/arm-none-eabi/11.2.1/../../../../arm-none-eabi/lib/thumb/v7e-m/nofp\libm.a
LOAD c:/users/user/appdata/roaming/xpacks/@xpack-dev-tools/arm-none-eabi-gcc/11.2.1-1.1.1/.content/bin/../lib/gcc/arm-none-eabi/11.2.1/../../../../arm-none-eabi/lib/thumb/v7e-m/nofp\libnosys.a
START GROUP
LOAD c:/users/user/appdata/roaming/xpacks/@xpack-dev-tools/arm-none-eabi-gcc/11.2.1-1.1.1/.content/bin/../lib/gcc/arm-none-eabi/11.2.1/thumb/v7e-m/nofp\libgcc.a
LOAD c:/users/user/appdata/roaming/xpacks/@xpack-dev-tools/arm-none-eabi-gcc/11.2.1-1.1.1/.content/bin/../lib/gcc/arm-none-eabi/11.2.1/../../../../arm-none-eabi/lib/thumb/v7e-m/nofp\libc_nano.a
END GROUP
START GROUP
LOAD c:/users/user/appdata/roaming/xpacks/@xpack-dev-tools/arm-none-eabi-gcc/11.2.1-1.1.1/.content/bin/../lib/gcc/arm-none-eabi/11.2.1/thumb/v7e-m/nofp\libgcc.a
LOAD c:/users/user/appdata/roaming/xpacks/@xpack-dev-tools/arm-none-eabi-gcc/11.2.1-1.1.1/.content/bin/../lib/gcc/arm-none-eabi/11.2.1/../../../../arm-none-eabi/lib/thumb/v7e-m/nofp\libc_nano.a
END GROUP
LOAD c:/users/user/appdata/roaming/xpacks/@xpack-dev-tools/arm-none-eabi-gcc/11.2.1-1.1.1/.content/bin/../lib/gcc/arm-none-eabi/11.2.1/thumb/v7e-m/nofp/crtend.o
LOAD c:/users/user/appdata/roaming/xpacks/@xpack-dev-tools/arm-none-eabi-gcc/11.2.1-1.1.1/.content/bin/../lib/gcc/arm-none-eabi/11.2.1/thumb/v7e-m/nofp/crtn.o
                0x000000002000a000                _estack = (ORIGIN (RAM) + LENGTH (RAM))
                0x0000000000000400                _Min_Stack_Size = 0x400

.isr_vector     0x0000000008000000      0x188
                0x0000000008000000                . = ALIGN (0x4)
 *(.isr_vector)
 .isr_vector    0x0000000008000000      0x188 build/startup.o
                0x0000000008000188                . = ALIGN (0x4)

.text           0x0000000008000188      0x470
 *(.text)
 .text          0x0000000008000188       0x90 build/startup.o
                0x0000000008000188                Reset_Handler
                0x0000000008000200                Init_Test
 .text          0x0000000008000218      0x338 build/game.o
                0x0000000008000218                Main
                0x0000000008000304                SysTick_Handler
                0x0000000008000394                EXTI0_IRQHandler
 *(.text*)
 .text.Default_Handler
                0x0000000008000550        0x2 build/startup.o
                0x0000000008000550                RTC_Alarm_IRQHandler
                0x0000000008000550                TIM8_TRG_COM_IRQHandler
                0x0000000008000550                TIM8_CC_IRQHandler
                0x0000000008000550                DebugMon_Handler
                0x0000000008000550                TIM1_CC_IRQHandler
                0x0000000008000550                HardFault_Handler
                0x0000000008000550                USB_HP_IRQHandler
                0x0000000008000550                PVD_IRQHandler
                0x0000000008000550                TAMP_STAMP_IRQHandler
                0x0000000008000550                PendSV_Handler
                0x0000000008000550                NMI_Handler
                0x0000000008000550                EXTI3_IRQHandler
                0x0000000008000550                USB_HP_CAN_TX_IRQHandler
                0x0000000008000550                I2C2_EV_IRQHandler
                0x0000000008000550                FPU_IRQHandler
                0x0000000008000550                TIM1_UP_TIM16_IRQHandler
                0x0000000008000550                UsageFault_Handler
                0x0000000008000550                ADC1_2_IRQHandler
                0x0000000008000550                SPI1_IRQHandler
                0x0000000008000550                CAN_SCE_IRQHandler
                0x0000000008000550                TIM6_DAC_IRQHandler
                0x0000000008000550                TIM8_UP_IRQHandler
                0x0000000008000550                DMA2_Channel2_IRQHandler
                0x0000000008000550                DMA1_Channel4_IRQHandler
                0x0000000008000550                USART3_IRQHandler
                0x0000000008000550                DMA1_Channel7_IRQHandler
                0x0000000008000550                UART5_IRQHandler
                0x0000000008000550                ADC3_IRQHandler
                0x0000000008000550                TIM4_IRQHandler
                0x0000000008000550                CAN_RX1_IRQHandler
                0x0000000008000550                DMA2_Channel1_IRQHandler
                0x0000000008000550                I2C1_EV_IRQHandler
                0x0000000008000550                DMA1_Channel6_IRQHandler
                0x0000000008000550                UART4_IRQHandler
                0x0000000008000550                DMA2_Channel4_IRQHandler
                0x0000000008000550                TIM3_IRQHandler
                0x0000000008000550                RCC_IRQHandler
                0x0000000008000550                DMA1_Channel1_IRQHandler
                0x0000000008000550                Default_Handler
                0x0000000008000550                USBWakeUp_RMP_IRQHandler
                0x0000000008000550                EXTI15_10_IRQHandler
                0x0000000008000550                TIM7_IRQHandler
                0x0000000008000550                EXTI9_5_IRQHandler
                0x0000000008000550                RTC_WKUP_IRQHandler
                0x0000000008000550                SPI2_IRQHandler
                0x0000000008000550                USB_LP_CAN_RX0_IRQHandler
                0x0000000008000550                MemManage_Handler
                0x0000000008000550                SVC_Handler
                0x0000000008000550                DMA2_Channel5_IRQHandler
                0x0000000008000550                DMA1_Channel5_IRQHandler
                0x0000000008000550                USB_LP_IRQHandler
                0x0000000008000550                EXTI4_IRQHandler
                0x0000000008000550                TIM1_TRG_COM_TIM17_IRQHandler
                0x0000000008000550                DMA1_Channel3_IRQHandler
                0x0000000008000550                ADC4_IRQHandler
                0x0000000008000550                WWDG_IRQHandler
                0x0000000008000550                TIM2_IRQHandler
                0x0000000008000550                COMP7_IRQHandler
                0x0000000008000550                COMP1_2_3_IRQHandler
                0x0000000008000550                EXTI1_IRQHandler
                0x0000000008000550                USART2_IRQHandler
                0x0000000008000550                COMP4_5_6_IRQHandler
                0x0000000008000550                I2C2_ER_IRQHandler
                0x0000000008000550                DMA1_Channel2_IRQHandler
                0x0000000008000550                TIM8_BRK_IRQHandler
                0x0000000008000550                FLASH_IRQHandler
                0x0000000008000550                BusFault_Handler
                0x0000000008000550                USART1_IRQHandler
                0x0000000008000550                SPI3_IRQHandler
                0x0000000008000550                I2C1_ER_IRQHandler
                0x0000000008000550                USBWakeUp_IRQHandler
                0x0000000008000550                DMA2_Channel3_IRQHandler
                0x0000000008000550                EXTI2_TSC_IRQHandler
                0x0000000008000550                TIM1_BRK_TIM15_IRQHandler
 *fill*         0x0000000008000552        0x2 
 .text.__call_exitprocs
                0x0000000008000554       0xa4 c:/users/user/appdata/roaming/xpacks/@xpack-dev-tools/arm-none-eabi-gcc/11.2.1-1.1.1/.content/bin/../lib/gcc/arm-none-eabi/11.2.1/../../../../arm-none-eabi/lib/thumb/v7e-m/nofp\libc_nano.a(lib_a-__call_atexit.o)
                0x0000000008000554                __call_exitprocs

.glue_7         0x00000000080005f8        0x0
 .glue_7        0x00000000080005f8        0x0 linker stubs

.glue_7t        0x00000000080005f8        0x0
 .glue_7t       0x00000000080005f8        0x0 linker stubs

.vfp11_veneer   0x00000000080005f8        0x0
 .vfp11_veneer  0x00000000080005f8        0x0 linker stubs

.v4_bx          0x00000000080005f8        0x0
 .v4_bx         0x00000000080005f8        0x0 linker stubs

.init           0x00000000080005f8        0x4
 .init          0x00000000080005f8        0x4 c:/users/user/appdata/roaming/xpacks/@xpack-dev-tools/arm-none-eabi-gcc/11.2.1-1.1.1/.content/bin/../lib/gcc/arm-none-eabi/11.2.1/thumb/v7e-m/nofp/crti.o
                0x00000000080005f8                _init

.fini           0x00000000080005fc        0x4
 .fini          0x00000000080005fc        0x4 c:/users/user/appdata/roaming/xpacks/@xpack-dev-tools/arm-none-eabi-gcc/11.2.1-1.1.1/.content/bin/../lib/gcc/arm-none-eabi/11.2.1/thumb/v7e-m/nofp/crti.o
                0x00000000080005fc                _fini

.iplt           0x0000000008000600        0x0
 .iplt          0x0000000008000600        0x0 build/startup.o

.rel.dyn        0x0000000008000600        0x0
 .rel.iplt      0x0000000008000600        0x0 build/startup.o

.rodata         0x0000000008000600        0x0
                0x0000000008000600                . = ALIGN (0x4)
 *(.rodata)
 *(.rodata*)

.bss            0x0000000020000000        0x4
                0x0000000020000000                . = ALIGN (0x4)
                0x0000000020000000                _sbss = .
 *(.bss .bss.*)
 .bss._global_atexit
                0x0000000020000000        0x4 c:/users/user/appdata/roaming/xpacks/@xpack-dev-tools/arm-none-eabi-gcc/11.2.1-1.1.1/.content/bin/../lib/gcc/arm-none-eabi/11.2.1/../../../../arm-none-eabi/lib/thumb/v7e-m/nofp\libc_nano.a(lib_a-__call_atexit.o)
                0x0000000020000000                _global_atexit
 *(COMMON)
                0x0000000020000004                _ebss = .

.data           0x0000000020000004       0x90 load address 0x0000000008000600
                0x0000000008000600                _load_address = LOADADDR (.data)
                0x0000000020000004                . = ALIGN (0x4)
                0x0000000020000004                _sdata = .
 *(.data.test)
                0x0000000020000004                . = ALIGN (0x4)
 *(.data)
 .data          0x0000000020000004        0x0 c:/users/user/appdata/roaming/xpacks/@xpack-dev-tools/arm-none-eabi-gcc/11.2.1-1.1.1/.content/bin/../lib/gcc/arm-none-eabi/11.2.1/thumb/v7e-m/nofp/crti.o
 .data          0x0000000020000004        0x0 c:/users/user/appdata/roaming/xpacks/@xpack-dev-tools/arm-none-eabi-gcc/11.2.1-1.1.1/.content/bin/../lib/gcc/arm-none-eabi/11.2.1/thumb/v7e-m/nofp/crtbegin.o
 .data          0x0000000020000004        0x0 c:/users/user/appdata/roaming/xpacks/@xpack-dev-tools/arm-none-eabi-gcc/11.2.1-1.1.1/.content/bin/../lib/gcc/arm-none-eabi/11.2.1/../../../../arm-none-eabi/lib/thumb/v7e-m/nofp/crt0.o
 .data          0x0000000020000004        0x0 build/startup.o
 .data          0x0000000020000004        0x0 build/definitions.o
 .data          0x0000000020000004       0x24 build/game.o
 .data          0x0000000020000028        0x0 c:/users/user/appdata/roaming/xpacks/@xpack-dev-tools/arm-none-eabi-gcc/11.2.1-1.1.1/.content/bin/../lib/gcc/arm-none-eabi/11.2.1/../../../../arm-none-eabi/lib/thumb/v7e-m/nofp\libc_nano.a(lib_a-atexit.o)
 .data          0x0000000020000028        0x0 c:/users/user/appdata/roaming/xpacks/@xpack-dev-tools/arm-none-eabi-gcc/11.2.1-1.1.1/.content/bin/../lib/gcc/arm-none-eabi/11.2.1/../../../../arm-none-eabi/lib/thumb/v7e-m/nofp\libc_nano.a(lib_a-exit.o)
 .data          0x0000000020000028        0x0 c:/users/user/appdata/roaming/xpacks/@xpack-dev-tools/arm-none-eabi-gcc/11.2.1-1.1.1/.content/bin/../lib/gcc/arm-none-eabi/11.2.1/../../../../arm-none-eabi/lib/thumb/v7e-m/nofp\libc_nano.a(lib_a-fini.o)
 .data          0x0000000020000028        0x0 c:/users/user/appdata/roaming/xpacks/@xpack-dev-tools/arm-none-eabi-gcc/11.2.1-1.1.1/.content/bin/../lib/gcc/arm-none-eabi/11.2.1/../../../../arm-none-eabi/lib/thumb/v7e-m/nofp\libc_nano.a(lib_a-impure.o)
 .data          0x0000000020000028        0x0 c:/users/user/appdata/roaming/xpacks/@xpack-dev-tools/arm-none-eabi-gcc/11.2.1-1.1.1/.content/bin/../lib/gcc/arm-none-eabi/11.2.1/../../../../arm-none-eabi/lib/thumb/v7e-m/nofp\libc_nano.a(lib_a-init.o)
 .data          0x0000000020000028        0x0 c:/users/user/appdata/roaming/xpacks/@xpack-dev-tools/arm-none-eabi-gcc/11.2.1-1.1.1/.content/bin/../lib/gcc/arm-none-eabi/11.2.1/../../../../arm-none-eabi/lib/thumb/v7e-m/nofp\libc_nano.a(lib_a-memset.o)
 .data          0x0000000020000028        0x0 c:/users/user/appdata/roaming/xpacks/@xpack-dev-tools/arm-none-eabi-gcc/11.2.1-1.1.1/.content/bin/../lib/gcc/arm-none-eabi/11.2.1/../../../../arm-none-eabi/lib/thumb/v7e-m/nofp\libc_nano.a(lib_a-__atexit.o)
 .data          0x0000000020000028        0x0 c:/users/user/appdata/roaming/xpacks/@xpack-dev-tools/arm-none-eabi-gcc/11.2.1-1.1.1/.content/bin/../lib/gcc/arm-none-eabi/11.2.1/../../../../arm-none-eabi/lib/thumb/v7e-m/nofp\libc_nano.a(lib_a-__call_atexit.o)
 .data          0x0000000020000028        0x0 c:/users/user/appdata/roaming/xpacks/@xpack-dev-tools/arm-none-eabi-gcc/11.2.1-1.1.1/.content/bin/../lib/gcc/arm-none-eabi/11.2.1/../../../../arm-none-eabi/lib/thumb/v7e-m/nofp\libnosys.a(_exit.o)
 .data          0x0000000020000028        0x0 c:/users/user/appdata/roaming/xpacks/@xpack-dev-tools/arm-none-eabi-gcc/11.2.1-1.1.1/.content/bin/../lib/gcc/arm-none-eabi/11.2.1/thumb/v7e-m/nofp/crtend.o
 .data          0x0000000020000028        0x0 c:/users/user/appdata/roaming/xpacks/@xpack-dev-tools/arm-none-eabi-gcc/11.2.1-1.1.1/.content/bin/../lib/gcc/arm-none-eabi/11.2.1/thumb/v7e-m/nofp/crtn.o
 *(.data*)
 .data.__dso_handle
                0x0000000020000028        0x4 c:/users/user/appdata/roaming/xpacks/@xpack-dev-tools/arm-none-eabi-gcc/11.2.1-1.1.1/.content/bin/../lib/gcc/arm-none-eabi/11.2.1/thumb/v7e-m/nofp/crtbegin.o
                0x0000000020000028                __dso_handle
 .data._impure_ptr
                0x000000002000002c        0x4 c:/users/user/appdata/roaming/xpacks/@xpack-dev-tools/arm-none-eabi-gcc/11.2.1-1.1.1/.content/bin/../lib/gcc/arm-none-eabi/11.2.1/../../../../arm-none-eabi/lib/thumb/v7e-m/nofp\libc_nano.a(lib_a-impure.o)
                0x000000002000002c                _impure_ptr
 .data.impure_data
                0x0000000020000030       0x60 c:/users/user/appdata/roaming/xpacks/@xpack-dev-tools/arm-none-eabi-gcc/11.2.1-1.1.1/.content/bin/../lib/gcc/arm-none-eabi/11.2.1/../../../../arm-none-eabi/lib/thumb/v7e-m/nofp\libc_nano.a(lib_a-impure.o)
 .data.__atexit_dummy
                0x0000000020000090        0x4 c:/users/user/appdata/roaming/xpacks/@xpack-dev-tools/arm-none-eabi-gcc/11.2.1-1.1.1/.content/bin/../lib/gcc/arm-none-eabi/11.2.1/../../../../arm-none-eabi/lib/thumb/v7e-m/nofp\libc_nano.a(lib_a-__atexit.o)
                0x0000000020000090                __atexit_dummy
                0x0000000020000094                _edata = .
OUTPUT(build/firmware.elf elf32-littlearm)
LOAD linker stubs

.igot.plt       0x0000000020000094        0x0 load address 0x0000000008000690
 .igot.plt      0x0000000020000094        0x0 build/startup.o

.ARM.attributes
                0x0000000000000000       0x2a
 .ARM.attributes
                0x0000000000000000       0x1e c:/users/user/appdata/roaming/xpacks/@xpack-dev-tools/arm-none-eabi-gcc/11.2.1-1.1.1/.content/bin/../lib/gcc/arm-none-eabi/11.2.1/thumb/v7e-m/nofp/crti.o
 .ARM.attributes
                0x000000000000001e       0x2e c:/users/user/appdata/roaming/xpacks/@xpack-dev-tools/arm-none-eabi-gcc/11.2.1-1.1.1/.content/bin/../lib/gcc/arm-none-eabi/11.2.1/thumb/v7e-m/nofp/crtbegin.o
 .ARM.attributes
                0x000000000000004c       0x1c c:/users/user/appdata/roaming/xpacks/@xpack-dev-tools/arm-none-eabi-gcc/11.2.1-1.1.1/.content/bin/../lib/gcc/arm-none-eabi/11.2.1/../../../../arm-none-eabi/lib/thumb/v7e-m/nofp/crt0.o
 .ARM.attributes
                0x0000000000000068       0x21 build/startup.o
 .ARM.attributes
                0x0000000000000089       0x1c build/definitions.o
 .ARM.attributes
                0x00000000000000a5       0x21 build/game.o
 .ARM.attributes
                0x00000000000000c6       0x2e c:/users/user/appdata/roaming/xpacks/@xpack-dev-tools/arm-none-eabi-gcc/11.2.1-1.1.1/.content/bin/../lib/gcc/arm-none-eabi/11.2.1/../../../../arm-none-eabi/lib/thumb/v7e-m/nofp\libc_nano.a(lib_a-atexit.o)
 .ARM.attributes
                0x00000000000000f4       0x2e c:/users/user/appdata/roaming/xpacks/@xpack-dev-tools/arm-none-eabi-gcc/11.2.1-1.1.1/.content/bin/../lib/gcc/arm-none-eabi/11.2.1/../../../../arm-none-eabi/lib/thumb/v7e-m/nofp\libc_nano.a(lib_a-exit.o)
 .ARM.attributes
                0x0000000000000122       0x2e c:/users/user/appdata/roaming/xpacks/@xpack-dev-tools/arm-none-eabi-gcc/11.2.1-1.1.1/.content/bin/../lib/gcc/arm-none-eabi/11.2.1/../../../../arm-none-eabi/lib/thumb/v7e-m/nofp\libc_nano.a(lib_a-fini.o)
 .ARM.attributes
                0x0000000000000150       0x2e c:/users/user/appdata/roaming/xpacks/@xpack-dev-tools/arm-none-eabi-gcc/11.2.1-1.1.1/.content/bin/../lib/gcc/arm-none-eabi/11.2.1/../../../../arm-none-eabi/lib/thumb/v7e-m/nofp\libc_nano.a(lib_a-impure.o)
 .ARM.attributes
                0x000000000000017e       0x2e c:/users/user/appdata/roaming/xpacks/@xpack-dev-tools/arm-none-eabi-gcc/11.2.1-1.1.1/.content/bin/../lib/gcc/arm-none-eabi/11.2.1/../../../../arm-none-eabi/lib/thumb/v7e-m/nofp\libc_nano.a(lib_a-init.o)
 .ARM.attributes
                0x00000000000001ac       0x2e c:/users/user/appdata/roaming/xpacks/@xpack-dev-tools/arm-none-eabi-gcc/11.2.1-1.1.1/.content/bin/../lib/gcc/arm-none-eabi/11.2.1/../../../../arm-none-eabi/lib/thumb/v7e-m/nofp\libc_nano.a(lib_a-memset.o)
 .ARM.attributes
                0x00000000000001da       0x2e c:/users/user/appdata/roaming/xpacks/@xpack-dev-tools/arm-none-eabi-gcc/11.2.1-1.1.1/.content/bin/../lib/gcc/arm-none-eabi/11.2.1/../../../../arm-none-eabi/lib/thumb/v7e-m/nofp\libc_nano.a(lib_a-__atexit.o)
 .ARM.attributes
                0x0000000000000208       0x2e c:/users/user/appdata/roaming/xpacks/@xpack-dev-tools/arm-none-eabi-gcc/11.2.1-1.1.1/.content/bin/../lib/gcc/arm-none-eabi/11.2.1/../../../../arm-none-eabi/lib/thumb/v7e-m/nofp\libc_nano.a(lib_a-__call_atexit.o)
 .ARM.attributes
                0x0000000000000236       0x2e c:/users/user/appdata/roaming/xpacks/@xpack-dev-tools/arm-none-eabi-gcc/11.2.1-1.1.1/.content/bin/../lib/gcc/arm-none-eabi/11.2.1/../../../../arm-none-eabi/lib/thumb/v7e-m/nofp\libnosys.a(_exit.o)
 .ARM.attributes
                0x0000000000000264       0x2e c:/users/user/appdata/roaming/xpacks/@xpack-dev-tools/arm-none-eabi-gcc/11.2.1-1.1.1/.content/bin/../lib/gcc/arm-none-eabi/11.2.1/thumb/v7e-m/nofp/crtend.o
 .ARM.attributes
                0x0000000000000292       0x1e c:/users/user/appdata/roaming/xpacks/@xpack-dev-tools/arm-none-eabi-gcc/11.2.1-1.1.1/.content/bin/../lib/gcc/arm-none-eabi/11.2.1/thumb/v7e-m/nofp/crtn.o

.comment        0x0000000000000000       0x39
 .comment       0x0000000000000000       0x39 c:/users/user/appdata/roaming/xpacks/@xpack-dev-tools/arm-none-eabi-gcc/11.2.1-1.1.1/.content/bin/../lib/gcc/arm-none-eabi/11.2.1/thumb/v7e-m/nofp/crtbegin.o
                                         0x3a (size before relaxing)
 .comment       0x0000000000000039       0x3a c:/users/user/appdata/roaming/xpacks/@xpack-dev-tools/arm-none-eabi-gcc/11.2.1-1.1.1/.content/bin/../lib/gcc/arm-none-eabi/11.2.1/../../../../arm-none-eabi/lib/thumb/v7e-m/nofp\libc_nano.a(lib_a-atexit.o)
 .comment       0x0000000000000039       0x3a c:/users/user/appdata/roaming/xpacks/@xpack-dev-tools/arm-none-eabi-gcc/11.2.1-1.1.1/.content/bin/../lib/gcc/arm-none-eabi/11.2.1/../../../../arm-none-eabi/lib/thumb/v7e-m/nofp\libc_nano.a(lib_a-exit.o)
 .comment       0x0000000000000039       0x3a c:/users/user/appdata/roaming/xpacks/@xpack-dev-tools/arm-none-eabi-gcc/11.2.1-1.1.1/.content/bin/../lib/gcc/arm-none-eabi/11.2.1/../../../../arm-none-eabi/lib/thumb/v7e-m/nofp\libc_nano.a(lib_a-fini.o)
 .comment       0x0000000000000039       0x3a c:/users/user/appdata/roaming/xpacks/@xpack-dev-tools/arm-none-eabi-gcc/11.2.1-1.1.1/.content/bin/../lib/gcc/arm-none-eabi/11.2.1/../../../../arm-none-eabi/lib/thumb/v7e-m/nofp\libc_nano.a(lib_a-impure.o)
 .comment       0x0000000000000039       0x3a c:/users/user/appdata/roaming/xpacks/@xpack-dev-tools/arm-none-eabi-gcc/11.2.1-1.1.1/.content/bin/../lib/gcc/arm-none-eabi/11.2.1/../../../../arm-none-eabi/lib/thumb/v7e-m/nofp\libc_nano.a(lib_a-init.o)
 .comment       0x0000000000000039       0x3a c:/users/user/appdata/roaming/xpacks/@xpack-dev-tools/arm-none-eabi-gcc/11.2.1-1.1.1/.content/bin/../lib/gcc/arm-none-eabi/11.2.1/../../../../arm-none-eabi/lib/thumb/v7e-m/nofp\libc_nano.a(lib_a-memset.o)
 .comment       0x0000000000000039       0x3a c:/users/user/appdata/roaming/xpacks/@xpack-dev-tools/arm-none-eabi-gcc/11.2.1-1.1.1/.content/bin/../lib/gcc/arm-none-eabi/11.2.1/../../../../arm-none-eabi/lib/thumb/v7e-m/nofp\libc_nano.a(lib_a-__atexit.o)
 .comment       0x0000000000000039       0x3a c:/users/user/appdata/roaming/xpacks/@xpack-dev-tools/arm-none-eabi-gcc/11.2.1-1.1.1/.content/bin/../lib/gcc/arm-none-eabi/11.2.1/../../../../arm-none-eabi/lib/thumb/v7e-m/nofp\libc_nano.a(lib_a-__call_atexit.o)
 .comment       0x0000000000000039       0x3a c:/users/user/appdata/roaming/xpacks/@xpack-dev-tools/arm-none-eabi-gcc/11.2.1-1.1.1/.content/bin/../lib/gcc/arm-none-eabi/11.2.1/../../../../arm-none-eabi/lib/thumb/v7e-m/nofp\libnosys.a(_exit.o)
 .comment       0x0000000000000039       0x3a c:/users/user/appdata/roaming/xpacks/@xpack-dev-tools/arm-none-eabi-gcc/11.2.1-1.1.1/.content/bin/../lib/gcc/arm-none-eabi/11.2.1/thumb/v7e-m/nofp/crtend.o

.debug_line     0x0000000000000000      0x206
 .debug_line    0x0000000000000000       0x83 build/startup.o
 .debug_line    0x0000000000000083      0x183 build/game.o

.debug_info     0x0000000000000000       0x48
 .debug_info    0x0000000000000000       0x22 build/startup.o
 .debug_info    0x0000000000000022       0x26 build/game.o

.debug_abbrev   0x0000000000000000       0x26
 .debug_abbrev  0x0000000000000000       0x12 build/startup.o
 .debug_abbrev  0x0000000000000012       0x14 build/game.o

.debug_aranges  0x0000000000000000       0x48
 .debug_aranges
                0x0000000000000000       0x28 build/startup.o
 .debug_aranges
                0x0000000000000028       0x20 build/game.o

.debug_str      0x0000000000000000       0x75
 .debug_str     0x0000000000000000       0x68 build/startup.o
 .debug_str     0x0000000000000068        0xd build/game.o
                                         0x61 (size before relaxing)

.debug_ranges   0x0000000000000000       0x20
 .debug_ranges  0x0000000000000000       0x20 build/startup.o

Cross Reference Table

Symbol                                            File
ADC1_2_IRQHandler                                 build/startup.o
ADC3_IRQHandler                                   build/startup.o
ADC4_IRQHandler                                   build/startup.o
BusFault_Handler                                  build/startup.o
CAN_RX1_IRQHandler                                build/startup.o
CAN_SCE_IRQHandler                                build/startup.o
COMP1_2_3_IRQHandler                              build/startup.o
COMP4_5_6_IRQHandler                              build/startup.o
COMP7_IRQHandler                                  build/startup.o
DMA1_Channel1_IRQHandler                          build/startup.o
DMA1_Channel2_IRQHandler                          build/startup.o
DMA1_Channel3_IRQHandler                          build/startup.o
DMA1_Channel4_IRQHandler                          build/startup.o
DMA1_Channel5_IRQHandler                          build/startup.o
DMA1_Channel6_IRQHandler                          build/startup.o
DMA1_Channel7_IRQHandler                          build/startup.o
DMA2_Channel1_IRQHandler                          build/startup.o
DMA2_Channel2_IRQHandler                          build/startup.o
DMA2_Channel3_IRQHandler                          build/startup.o
DMA2_Channel4_IRQHandler                          build/startup.o
DMA2_Channel5_IRQHandler                          build/startup.o
DebugMon_Handler                                  build/startup.o
Default_Handler                                   build/startup.o
EXTI0_IRQHandler                                  build/game.o
                                                  build/startup.o
EXTI15_10_IRQHandler                              build/startup.o
EXTI1_IRQHandler                                  build/startup.o
EXTI2_TSC_IRQHandler                              build/startup.o
EXTI3_IRQHandler                                  build/startup.o
EXTI4_IRQHandler                                  build/startup.o
EXTI9_5_IRQHandler                                build/startup.o
FLASH_IRQHandler                                  build/startup.o
FPU_IRQHandler                                    build/startup.o
HardFault_Handler                                 build/startup.o
I2C1_ER_IRQHandler                                build/startup.o
I2C1_EV_IRQHandler                                build/startup.o
I2C2_ER_IRQHandler                                build/startup.o
I2C2_EV_IRQHandler                                build/startup.o
Init_Test                                         build/startup.o
Main                                              build/game.o
                                                  build/startup.o
MemManage_Handler                                 build/startup.o
NMI_Handler                                       build/startup.o
PVD_IRQHandler                                    build/startup.o
PendSV_Handler                                    build/startup.o
RCC_IRQHandler                                    build/startup.o
RTC_Alarm_IRQHandler                              build/startup.o
RTC_WKUP_IRQHandler                               build/startup.o
Reset_Handler                                     build/startup.o
SPI1_IRQHandler                                   build/startup.o
SPI2_IRQHandler                                   build/startup.o
SPI3_IRQHandler                                   build/startup.o
SVC_Handler                                       build/startup.o
SysTick_Handler                                   build/game.o
                                                  build/startup.o
TAMP_STAMP_IRQHandler                             build/startup.o
TIM1_BRK_TIM15_IRQHandler                         build/startup.o
TIM1_CC_IRQHandler                                build/startup.o
TIM1_TRG_COM_TIM17_IRQHandler                     build/startup.o
TIM1_UP_TIM16_IRQHandler                          build/startup.o
TIM2_IRQHandler                                   build/startup.o
TIM3_IRQHandler                                   build/startup.o
TIM4_IRQHandler                                   build/startup.o
TIM6_DAC_IRQHandler                               build/startup.o
TIM7_IRQHandler                                   build/startup.o
TIM8_BRK_IRQHandler                               build/startup.o
TIM8_CC_IRQHandler                                build/startup.o
TIM8_TRG_COM_IRQHandler                           build/startup.o
TIM8_UP_IRQHandler                                build/startup.o
UART4_IRQHandler                                  build/startup.o
UART5_IRQHandler                                  build/startup.o
USART1_IRQHandler                                 build/startup.o
USART2_IRQHandler                                 build/startup.o
USART3_IRQHandler                                 build/startup.o
USBWakeUp_IRQHandler                              build/startup.o
USBWakeUp_RMP_IRQHandler                          build/startup.o
USB_HP_CAN_TX_IRQHandler                          build/startup.o
USB_HP_IRQHandler                                 build/startup.o
USB_LP_CAN_RX0_IRQHandler                         build/startup.o
USB_LP_IRQHandler                                 build/startup.o
UsageFault_Handler                                build/startup.o
WWDG_IRQHandler                                   build/startup.o
_ITM_deregisterTMCloneTable                       c:/users/user/appdata/roaming/xpacks/@xpack-dev-tools/arm-none-eabi-gcc/11.2.1-1.1.1/.content/bin/../lib/gcc/arm-none-eabi/11.2.1/thumb/v7e-m/nofp/crtbegin.o
_ITM_registerTMCloneTable                         c:/users/user/appdata/roaming/xpacks/@xpack-dev-tools/arm-none-eabi-gcc/11.2.1-1.1.1/.content/bin/../lib/gcc/arm-none-eabi/11.2.1/thumb/v7e-m/nofp/crtbegin.o
__TMC_END__                                       c:/users/user/appdata/roaming/xpacks/@xpack-dev-tools/arm-none-eabi-gcc/11.2.1-1.1.1/.content/bin/../lib/gcc/arm-none-eabi/11.2.1/thumb/v7e-m/nofp/crtend.o
                                                  c:/users/user/appdata/roaming/xpacks/@xpack-dev-tools/arm-none-eabi-gcc/11.2.1-1.1.1/.content/bin/../lib/gcc/arm-none-eabi/11.2.1/thumb/v7e-m/nofp/crtbegin.o
__atexit_dummy                                    c:/users/user/appdata/roaming/xpacks/@xpack-dev-tools/arm-none-eabi-gcc/11.2.1-1.1.1/.content/bin/../lib/gcc/arm-none-eabi/11.2.1/../../../../arm-none-eabi/lib/thumb/v7e-m/nofp\libc_nano.a(lib_a-__atexit.o)
__bss_end__                                       c:/users/user/appdata/roaming/xpacks/@xpack-dev-tools/arm-none-eabi-gcc/11.2.1-1.1.1/.content/bin/../lib/gcc/arm-none-eabi/11.2.1/../../../../arm-none-eabi/lib/thumb/v7e-m/nofp/crt0.o
__bss_start__                                     c:/users/user/appdata/roaming/xpacks/@xpack-dev-tools/arm-none-eabi-gcc/11.2.1-1.1.1/.content/bin/../lib/gcc/arm-none-eabi/11.2.1/../../../../arm-none-eabi/lib/thumb/v7e-m/nofp/crt0.o
__call_exitprocs                                  c:/users/user/appdata/roaming/xpacks/@xpack-dev-tools/arm-none-eabi-gcc/11.2.1-1.1.1/.content/bin/../lib/gcc/arm-none-eabi/11.2.1/../../../../arm-none-eabi/lib/thumb/v7e-m/nofp\libc_nano.a(lib_a-__call_atexit.o)
                                                  c:/users/user/appdata/roaming/xpacks/@xpack-dev-tools/arm-none-eabi-gcc/11.2.1-1.1.1/.content/bin/../lib/gcc/arm-none-eabi/11.2.1/../../../../arm-none-eabi/lib/thumb/v7e-m/nofp\libc_nano.a(lib_a-__atexit.o)
                                                  c:/users/user/appdata/roaming/xpacks/@xpack-dev-tools/arm-none-eabi-gcc/11.2.1-1.1.1/.content/bin/../lib/gcc/arm-none-eabi/11.2.1/../../../../arm-none-eabi/lib/thumb/v7e-m/nofp\libc_nano.a(lib_a-exit.o)
__deregister_frame_info                           c:/users/user/appdata/roaming/xpacks/@xpack-dev-tools/arm-none-eabi-gcc/11.2.1-1.1.1/.content/bin/../lib/gcc/arm-none-eabi/11.2.1/thumb/v7e-m/nofp/crtbegin.o
__dso_handle                                      c:/users/user/appdata/roaming/xpacks/@xpack-dev-tools/arm-none-eabi-gcc/11.2.1-1.1.1/.content/bin/../lib/gcc/arm-none-eabi/11.2.1/thumb/v7e-m/nofp/crtbegin.o
__fini_array_end                                  c:/users/user/appdata/roaming/xpacks/@xpack-dev-tools/arm-none-eabi-gcc/11.2.1-1.1.1/.content/bin/../lib/gcc/arm-none-eabi/11.2.1/../../../../arm-none-eabi/lib/thumb/v7e-m/nofp\libc_nano.a(lib_a-fini.o)
__fini_array_start                                c:/users/user/appdata/roaming/xpacks/@xpack-dev-tools/arm-none-eabi-gcc/11.2.1-1.1.1/.content/bin/../lib/gcc/arm-none-eabi/11.2.1/../../../../arm-none-eabi/lib/thumb/v7e-m/nofp\libc_nano.a(lib_a-fini.o)
__init_array_end                                  c:/users/user/appdata/roaming/xpacks/@xpack-dev-tools/arm-none-eabi-gcc/11.2.1-1.1.1/.content/bin/../lib/gcc/arm-none-eabi/11.2.1/../../../../arm-none-eabi/lib/thumb/v7e-m/nofp\libc_nano.a(lib_a-init.o)
__init_array_start                                c:/users/user/appdata/roaming/xpacks/@xpack-dev-tools/arm-none-eabi-gcc/11.2.1-1.1.1/.content/bin/../lib/gcc/arm-none-eabi/11.2.1/../../../../arm-none-eabi/lib/thumb/v7e-m/nofp\libc_nano.a(lib_a-init.o)
__libc_fini_array                                 c:/users/user/appdata/roaming/xpacks/@xpack-dev-tools/arm-none-eabi-gcc/11.2.1-1.1.1/.content/bin/../lib/gcc/arm-none-eabi/11.2.1/../../../../arm-none-eabi/lib/thumb/v7e-m/nofp\libc_nano.a(lib_a-fini.o)
                                                  c:/users/user/appdata/roaming/xpacks/@xpack-dev-tools/arm-none-eabi-gcc/11.2.1-1.1.1/.content/bin/../lib/gcc/arm-none-eabi/11.2.1/../../../../arm-none-eabi/lib/thumb/v7e-m/nofp/crt0.o
__libc_init_array                                 c:/users/user/appdata/roaming/xpacks/@xpack-dev-tools/arm-none-eabi-gcc/11.2.1-1.1.1/.content/bin/../lib/gcc/arm-none-eabi/11.2.1/../../../../arm-none-eabi/lib/thumb/v7e-m/nofp\libc_nano.a(lib_a-init.o)
                                                  c:/users/user/appdata/roaming/xpacks/@xpack-dev-tools/arm-none-eabi-gcc/11.2.1-1.1.1/.content/bin/../lib/gcc/arm-none-eabi/11.2.1/../../../../arm-none-eabi/lib/thumb/v7e-m/nofp/crt0.o
__on_exit_args                                    c:/users/user/appdata/roaming/xpacks/@xpack-dev-tools/arm-none-eabi-gcc/11.2.1-1.1.1/.content/bin/../lib/gcc/arm-none-eabi/11.2.1/../../../../arm-none-eabi/lib/thumb/v7e-m/nofp\libc_nano.a(lib_a-__atexit.o)
__preinit_array_end                               c:/users/user/appdata/roaming/xpacks/@xpack-dev-tools/arm-none-eabi-gcc/11.2.1-1.1.1/.content/bin/../lib/gcc/arm-none-eabi/11.2.1/../../../../arm-none-eabi/lib/thumb/v7e-m/nofp\libc_nano.a(lib_a-init.o)
__preinit_array_start                             c:/users/user/appdata/roaming/xpacks/@xpack-dev-tools/arm-none-eabi-gcc/11.2.1-1.1.1/.content/bin/../lib/gcc/arm-none-eabi/11.2.1/../../../../arm-none-eabi/lib/thumb/v7e-m/nofp\libc_nano.a(lib_a-init.o)
__register_exitproc                               c:/users/user/appdata/roaming/xpacks/@xpack-dev-tools/arm-none-eabi-gcc/11.2.1-1.1.1/.content/bin/../lib/gcc/arm-none-eabi/11.2.1/../../../../arm-none-eabi/lib/thumb/v7e-m/nofp\libc_nano.a(lib_a-__atexit.o)
                                                  c:/users/user/appdata/roaming/xpacks/@xpack-dev-tools/arm-none-eabi-gcc/11.2.1-1.1.1/.content/bin/../lib/gcc/arm-none-eabi/11.2.1/../../../../arm-none-eabi/lib/thumb/v7e-m/nofp\libc_nano.a(lib_a-atexit.o)
__register_frame_info                             c:/users/user/appdata/roaming/xpacks/@xpack-dev-tools/arm-none-eabi-gcc/11.2.1-1.1.1/.content/bin/../lib/gcc/arm-none-eabi/11.2.1/thumb/v7e-m/nofp/crtbegin.o
__sf_fake_stderr                                  c:/users/user/appdata/roaming/xpacks/@xpack-dev-tools/arm-none-eabi-gcc/11.2.1-1.1.1/.content/bin/../lib/gcc/arm-none-eabi/11.2.1/../../../../arm-none-eabi/lib/thumb/v7e-m/nofp\libc_nano.a(lib_a-impure.o)
__sf_fake_stdin                                   c:/users/user/appdata/roaming/xpacks/@xpack-dev-tools/arm-none-eabi-gcc/11.2.1-1.1.1/.content/bin/../lib/gcc/arm-none-eabi/11.2.1/../../../../arm-none-eabi/lib/thumb/v7e-m/nofp\libc_nano.a(lib_a-impure.o)
__sf_fake_stdout                                  c:/users/user/appdata/roaming/xpacks/@xpack-dev-tools/arm-none-eabi-gcc/11.2.1-1.1.1/.content/bin/../lib/gcc/arm-none-eabi/11.2.1/../../../../arm-none-eabi/lib/thumb/v7e-m/nofp\libc_nano.a(lib_a-impure.o)
__stack                                           c:/users/user/appdata/roaming/xpacks/@xpack-dev-tools/arm-none-eabi-gcc/11.2.1-1.1.1/.content/bin/../lib/gcc/arm-none-eabi/11.2.1/../../../../arm-none-eabi/lib/thumb/v7e-m/nofp/crt0.o
_ebss                                             build/startup.o
_edata                                            build/startup.o
_estack                                           build/startup.o
_exit                                             c:/users/user/appdata/roaming/xpacks/@xpack-dev-tools/arm-none-eabi-gcc/11.2.1-1.1.1/.content/bin/../lib/gcc/arm-none-eabi/11.2.1/../../../../arm-none-eabi/lib/thumb/v7e-m/nofp\libnosys.a(_exit.o)
                                                  c:/users/user/appdata/roaming/xpacks/@xpack-dev-tools/arm-none-eabi-gcc/11.2.1-1.1.1/.content/bin/../lib/gcc/arm-none-eabi/11.2.1/../../../../arm-none-eabi/lib/thumb/v7e-m/nofp\libc_nano.a(lib_a-exit.o)
_fini                                             c:/users/user/appdata/roaming/xpacks/@xpack-dev-tools/arm-none-eabi-gcc/11.2.1-1.1.1/.content/bin/../lib/gcc/arm-none-eabi/11.2.1/thumb/v7e-m/nofp/crti.o
                                                  c:/users/user/appdata/roaming/xpacks/@xpack-dev-tools/arm-none-eabi-gcc/11.2.1-1.1.1/.content/bin/../lib/gcc/arm-none-eabi/11.2.1/../../../../arm-none-eabi/lib/thumb/v7e-m/nofp\libc_nano.a(lib_a-fini.o)
_global_atexit                                    c:/users/user/appdata/roaming/xpacks/@xpack-dev-tools/arm-none-eabi-gcc/11.2.1-1.1.1/.content/bin/../lib/gcc/arm-none-eabi/11.2.1/../../../../arm-none-eabi/lib/thumb/v7e-m/nofp\libc_nano.a(lib_a-__call_atexit.o)
                                                  c:/users/user/appdata/roaming/xpacks/@xpack-dev-tools/arm-none-eabi-gcc/11.2.1-1.1.1/.content/bin/../lib/gcc/arm-none-eabi/11.2.1/../../../../arm-none-eabi/lib/thumb/v7e-m/nofp\libc_nano.a(lib_a-__atexit.o)
_global_impure_ptr                                c:/users/user/appdata/roaming/xpacks/@xpack-dev-tools/arm-none-eabi-gcc/11.2.1-1.1.1/.content/bin/../lib/gcc/arm-none-eabi/11.2.1/../../../../arm-none-eabi/lib/thumb/v7e-m/nofp\libc_nano.a(lib_a-impure.o)
                                                  c:/users/user/appdata/roaming/xpacks/@xpack-dev-tools/arm-none-eabi-gcc/11.2.1-1.1.1/.content/bin/../lib/gcc/arm-none-eabi/11.2.1/../../../../arm-none-eabi/lib/thumb/v7e-m/nofp\libc_nano.a(lib_a-exit.o)
_impure_ptr                                       c:/users/user/appdata/roaming/xpacks/@xpack-dev-tools/arm-none-eabi-gcc/11.2.1-1.1.1/.content/bin/../lib/gcc/arm-none-eabi/11.2.1/../../../../arm-none-eabi/lib/thumb/v7e-m/nofp\libc_nano.a(lib_a-impure.o)
_init                                             c:/users/user/appdata/roaming/xpacks/@xpack-dev-tools/arm-none-eabi-gcc/11.2.1-1.1.1/.content/bin/../lib/gcc/arm-none-eabi/11.2.1/thumb/v7e-m/nofp/crti.o
                                                  c:/users/user/appdata/roaming/xpacks/@xpack-dev-tools/arm-none-eabi-gcc/11.2.1-1.1.1/.content/bin/../lib/gcc/arm-none-eabi/11.2.1/../../../../arm-none-eabi/lib/thumb/v7e-m/nofp\libc_nano.a(lib_a-init.o)
_load_address                                     build/startup.o
_mainCRTStartup                                   c:/users/user/appdata/roaming/xpacks/@xpack-dev-tools/arm-none-eabi-gcc/11.2.1-1.1.1/.content/bin/../lib/gcc/arm-none-eabi/11.2.1/../../../../arm-none-eabi/lib/thumb/v7e-m/nofp/crt0.o
_sbss                                             build/startup.o
_sdata                                            build/startup.o
_stack_init                                       c:/users/user/appdata/roaming/xpacks/@xpack-dev-tools/arm-none-eabi-gcc/11.2.1-1.1.1/.content/bin/../lib/gcc/arm-none-eabi/11.2.1/../../../../arm-none-eabi/lib/thumb/v7e-m/nofp/crt0.o
_start                                            c:/users/user/appdata/roaming/xpacks/@xpack-dev-tools/arm-none-eabi-gcc/11.2.1-1.1.1/.content/bin/../lib/gcc/arm-none-eabi/11.2.1/../../../../arm-none-eabi/lib/thumb/v7e-m/nofp/crt0.o
atexit                                            c:/users/user/appdata/roaming/xpacks/@xpack-dev-tools/arm-none-eabi-gcc/11.2.1-1.1.1/.content/bin/../lib/gcc/arm-none-eabi/11.2.1/../../../../arm-none-eabi/lib/thumb/v7e-m/nofp\libc_nano.a(lib_a-atexit.o)
                                                  c:/users/user/appdata/roaming/xpacks/@xpack-dev-tools/arm-none-eabi-gcc/11.2.1-1.1.1/.content/bin/../lib/gcc/arm-none-eabi/11.2.1/../../../../arm-none-eabi/lib/thumb/v7e-m/nofp/crt0.o
exit                                              c:/users/user/appdata/roaming/xpacks/@xpack-dev-tools/arm-none-eabi-gcc/11.2.1-1.1.1/.content/bin/../lib/gcc/arm-none-eabi/11.2.1/../../../../arm-none-eabi/lib/thumb/v7e-m/nofp\libc_nano.a(lib_a-exit.o)
                                                  c:/users/user/appdata/roaming/xpacks/@xpack-dev-tools/arm-none-eabi-gcc/11.2.1-1.1.1/.content/bin/../lib/gcc/arm-none-eabi/11.2.1/../../../../arm-none-eabi/lib/thumb/v7e-m/nofp/crt0.o
hardware_init_hook                                c:/users/user/appdata/roaming/xpacks/@xpack-dev-tools/arm-none-eabi-gcc/11.2.1-1.1.1/.content/bin/../lib/gcc/arm-none-eabi/11.2.1/../../../../arm-none-eabi/lib/thumb/v7e-m/nofp/crt0.o
main                                              c:/users/user/appdata/roaming/xpacks/@xpack-dev-tools/arm-none-eabi-gcc/11.2.1-1.1.1/.content/bin/../lib/gcc/arm-none-eabi/11.2.1/../../../../arm-none-eabi/lib/thumb/v7e-m/nofp/crt0.o
malloc                                            c:/users/user/appdata/roaming/xpacks/@xpack-dev-tools/arm-none-eabi-gcc/11.2.1-1.1.1/.content/bin/../lib/gcc/arm-none-eabi/11.2.1/../../../../arm-none-eabi/lib/thumb/v7e-m/nofp\libc_nano.a(lib_a-__atexit.o)
memset                                            c:/users/user/appdata/roaming/xpacks/@xpack-dev-tools/arm-none-eabi-gcc/11.2.1-1.1.1/.content/bin/../lib/gcc/arm-none-eabi/11.2.1/../../../../arm-none-eabi/lib/thumb/v7e-m/nofp\libc_nano.a(lib_a-memset.o)
                                                  c:/users/user/appdata/roaming/xpacks/@xpack-dev-tools/arm-none-eabi-gcc/11.2.1-1.1.1/.content/bin/../lib/gcc/arm-none-eabi/11.2.1/../../../../arm-none-eabi/lib/thumb/v7e-m/nofp/crt0.o
software_init_hook                                c:/users/user/appdata/roaming/xpacks/@xpack-dev-tools/arm-none-eabi-gcc/11.2.1-1.1.1/.content/bin/../lib/gcc/arm-none-eabi/11.2.1/../../../../arm-none-eabi/lib/thumb/v7e-m/nofp/crt0.o
